

================================================================
== Synthesis Summary Report of 'kp_502_7'
================================================================
+ General Information: 
    * Date:           Sat Mar 23 17:41:27 2024
    * Version:        2021.2 (Build 3367213 on Tue Oct 19 02:48:09 MDT 2021)
    * Project:        kp_502_7
    * Solution:       sol1_1 (Vivado IP Flow Target)
    * Product family: artix7
    * Target device:  xc7a200t-sbv484-2
    

+ Performance & Resource Estimates: 
    
    PS: '+' for module; 'o' for loop; '*' for dataflow
    +------------------------+------+------+---------+-----------+----------+---------+------+----------+------+---------+------------+-----------+-----+
    |         Modules        | Issue|      | Latency |  Latency  | Iteration|         | Trip |          |      |         |            |           |     |
    |         & Loops        | Type | Slack| (cycles)|    (ns)   |  Latency | Interval| Count| Pipelined| BRAM |   DSP   |     FF     |    LUT    | URAM|
    +------------------------+------+------+---------+-----------+----------+---------+------+----------+------+---------+------------+-----------+-----+
    |+ kp_502_7              |     -|  0.37|      369|  3.690e+03|         -|      370|     -|        no|     -|  6 (~0%)|  1466 (~0%)|  2299 (1%)|    -|
    | o Loop                 |     -|  9.00|      368|  3.680e+03|        46|        -|     8|        no|     -|        -|           -|          -|    -|
    |  + sqrt_fixed_32_32_s  |    II|  0.42|        5|     50.000|         -|        1|     -|       yes|     -|        -|   447 (~0%)|  1385 (1%)|    -|
    +------------------------+------+------+---------+-----------+----------+---------+------+----------+------+---------+------------+-----------+-----+


================================================================
== HW Interfaces
================================================================
* AP_MEMORY
+-------------+----------+
| Interface   | Bitwidth |
+-------------+----------+
| A_address0  | 3        |
| A_q0        | 32       |
| B_address0  | 3        |
| B_q0        | 32       |
| C_address0  | 3        |
| C_q0        | 32       |
| D_address0  | 3        |
| D_d0        | 32       |
| X1_address0 | 3        |
| X1_d0       | 32       |
| X2_address0 | 3        |
| X2_d0       | 32       |
+-------------+----------+

* TOP LEVEL CONTROL
+-----------+------------+-----------------------------------+
| Interface | Type       | Ports                             |
+-----------+------------+-----------------------------------+
| ap_clk    | clock      | ap_clk                            |
| ap_rst    | reset      | ap_rst                            |
| ap_ctrl   | ap_ctrl_hs | ap_done ap_idle ap_ready ap_start |
+-----------+------------+-----------------------------------+


================================================================
== SW I/O Information
================================================================
* Top Function Arguments
+----------+-----------+----------+
| Argument | Direction | Datatype |
+----------+-----------+----------+
| A        | in        | int*     |
| B        | in        | int*     |
| C        | in        | int*     |
| X1       | out       | int*     |
| X2       | out       | int*     |
| D        | out       | int*     |
+----------+-----------+----------+

* SW-to-HW Mapping
+----------+--------------+---------+----------+
| Argument | HW Interface | HW Type | HW Usage |
+----------+--------------+---------+----------+
| A        | A_address0   | port    | offset   |
| A        | A_ce0        | port    |          |
| A        | A_q0         | port    |          |
| B        | B_address0   | port    | offset   |
| B        | B_ce0        | port    |          |
| B        | B_q0         | port    |          |
| C        | C_address0   | port    | offset   |
| C        | C_ce0        | port    |          |
| C        | C_q0         | port    |          |
| X1       | X1_address0  | port    | offset   |
| X1       | X1_ce0       | port    |          |
| X1       | X1_we0       | port    |          |
| X1       | X1_d0        | port    |          |
| X2       | X2_address0  | port    | offset   |
| X2       | X2_ce0       | port    |          |
| X2       | X2_we0       | port    |          |
| X2       | X2_d0        | port    |          |
| D        | D_address0   | port    | offset   |
| D        | D_ce0        | port    |          |
| D        | D_we0        | port    |          |
| D        | D_d0         | port    |          |
+----------+--------------+---------+----------+


================================================================
== Bind Op Report
================================================================
+----------------------------+-----+--------+--------------+-----+--------+---------+
| Name                       | DSP | Pragma | Variable     | Op  | Impl   | Latency |
+----------------------------+-----+--------+--------------+-----+--------+---------+
| + kp_502_7                 | 6   |        |              |     |        |         |
|   add_ln8_fu_158_p2        | -   |        | add_ln8      | add | fabric | 0       |
|   mul_32s_32s_32_1_1_U2    | 3   |        | mul_ln13     | mul | auto   | 0       |
|   mul_32s_32s_32_1_1_U3    | 3   |        | mul_ln13_1   | mul | auto   | 0       |
|   xf_V_fu_186_p2           | -   |        | xf_V         | sub | fabric | 0       |
|   grp_fu_205_p0            | -   |        | add_ln19     | add | fabric | 0       |
|   X1_d0                    | -   |        | sub_ln19     | sub | fabric | 0       |
|   grp_fu_216_p0            | -   |        | sub_ln20     | sub | fabric | 0       |
|  + sqrt_fixed_32_32_s      | 0   |        |              |     |        |         |
|    add_ln219_fu_246_p2     | -   |        | add_ln219    | add | fabric | 0       |
|    sub_ln219_fu_318_p2     | -   |        | sub_ln219    | sub | fabric | 0       |
|    sub_ln219_1_fu_400_p2   | -   |        | sub_ln219_1  | sub | fabric | 0       |
|    sub_ln219_2_fu_482_p2   | -   |        | sub_ln219_2  | sub | fabric | 0       |
|    sub_ln219_3_fu_557_p2   | -   |        | sub_ln219_3  | sub | fabric | 0       |
|    sub_ln219_4_fu_639_p2   | -   |        | sub_ln219_4  | sub | fabric | 0       |
|    sub_ln219_5_fu_721_p2   | -   |        | sub_ln219_5  | sub | fabric | 0       |
|    sub_ln219_6_fu_796_p2   | -   |        | sub_ln219_6  | sub | fabric | 0       |
|    sub_ln219_7_fu_878_p2   | -   |        | sub_ln219_7  | sub | fabric | 0       |
|    sub_ln219_8_fu_960_p2   | -   |        | sub_ln219_8  | sub | fabric | 0       |
|    sub_ln219_9_fu_1035_p2  | -   |        | sub_ln219_9  | sub | fabric | 0       |
|    sub_ln219_10_fu_1117_p2 | -   |        | sub_ln219_10 | sub | fabric | 0       |
|    sub_ln219_11_fu_1199_p2 | -   |        | sub_ln219_11 | sub | fabric | 0       |
|    sub_ln219_12_fu_1274_p2 | -   |        | sub_ln219_12 | sub | fabric | 0       |
|    sub_ln219_13_fu_1356_p2 | -   |        | sub_ln219_13 | sub | fabric | 0       |
|    sub_ln219_14_fu_1422_p2 | -   |        | sub_ln219_14 | sub | fabric | 0       |
|    res_I_V_30_fu_1484_p2   | -   |        | res_I_V_30   | add | fabric | 0       |
+----------------------------+-----+--------+--------------+-----+--------+---------+


================================================================
== Bind Storage Report
================================================================
  No bind storage info in design

================================================================
== User Pragma Report
================================================================
* Valid Pragma Syntax
+----------+---------+-----------------------+
| Type     | Options | Location              |
+----------+---------+-----------------------+
| pipeline | off     | DIRECTIVE in kp_502_7 |
+----------+---------+-----------------------+


