

================================================================
== Vitis HLS Report for 'sqrt_fixed_32_32_s'
================================================================
* Date:           Sun Mar 24 17:44:55 2024

* Version:        2021.2 (Build 3367213 on Tue Oct 19 02:48:09 MDT 2021)
* Project:        kp_502_7
* Solution:       sol2_2 (Vivado IP Flow Target)
* Product family: artix7
* Target device:  xc7a200t-sbv484-2


================================================================
== Performance Estimates
================================================================
+ Timing: 
    * Summary: 
    +------+---------+----------+------------+
    | Clock|  Target | Estimated| Uncertainty|
    +------+---------+----------+------------+
    |clk   |  6.00 ns|  4.938 ns|     1.00 ns|
    +------+---------+----------+------------+

+ Latency: 
    * Summary: 
    +---------+---------+-----------+-----------+-----+-----+---------+
    |  Latency (cycles) |   Latency (absolute)  |  Interval | Pipeline|
    |   min   |   max   |    min    |    max    | min | max |   Type  |
    +---------+---------+-----------+-----------+-----+-----+---------+
    |       10|       10|  60.000 ns|  60.000 ns|    1|    1|      yes|
    +---------+---------+-----------+-----------+-----+-----+---------+

    + Detail: 
        * Instance: 
        N/A

        * Loop: 
        N/A



================================================================
== Utilization Estimates
================================================================
* Summary: 
+-----------------+---------+-----+--------+--------+-----+
|       Name      | BRAM_18K| DSP |   FF   |   LUT  | URAM|
+-----------------+---------+-----+--------+--------+-----+
|DSP              |        -|    -|       -|       -|    -|
|Expression       |        -|    -|       0|    1322|    -|
|FIFO             |        -|    -|       -|       -|    -|
|Instance         |        -|    -|       -|       -|    -|
|Memory           |        -|    -|       -|       -|    -|
|Multiplexer      |        -|    -|       -|      13|    -|
|Register         |        -|    -|     721|       -|    -|
+-----------------+---------+-----+--------+--------+-----+
|Total            |        0|    0|     721|    1335|    0|
+-----------------+---------+-----+--------+--------+-----+
|Available        |      730|  740|  269200|  134600|    0|
+-----------------+---------+-----+--------+--------+-----+
|Utilization (%)  |        0|    0|      ~0|      ~0|    0|
+-----------------+---------+-----+--------+--------+-----+

+ Detail: 
    * Instance: 
    N/A

    * DSP: 
    N/A

    * Memory: 
    N/A

    * FIFO: 
    N/A

    * Expression: 
    +--------------------------+----------+----+---+----+------------+------------+
    |       Variable Name      | Operation| DSP| FF| LUT| Bitwidth P0| Bitwidth P1|
    +--------------------------+----------+----+---+----+------------+------------+
    |res_I_V_30_fu_1436_p2     |         +|   0|  0|  23|          16|           1|
    |sub_ln219_10_fu_1090_p2   |         -|   0|  0|  21|          14|          14|
    |sub_ln219_11_fu_1170_p2   |         -|   0|  0|  22|          15|          15|
    |sub_ln219_12_fu_1247_p2   |         -|   0|  0|  23|          16|          16|
    |sub_ln219_13_fu_1322_p2   |         -|   0|  0|  24|          17|          17|
    |sub_ln219_14_fu_1381_p2   |         -|   0|  0|  25|          18|          18|
    |sub_ln219_1_fu_394_p2     |         -|   0|  0|  13|           5|           5|
    |sub_ln219_2_fu_469_p2     |         -|   0|  0|  14|           6|           6|
    |sub_ln219_3_fu_549_p2     |         -|   0|  0|  14|           7|           7|
    |sub_ln219_4_fu_626_p2     |         -|   0|  0|  15|           8|           8|
    |sub_ln219_5_fu_706_p2     |         -|   0|  0|  16|           9|           9|
    |sub_ln219_6_fu_783_p2     |         -|   0|  0|  17|          10|          10|
    |sub_ln219_7_fu_858_p2     |         -|   0|  0|  18|          11|          11|
    |sub_ln219_8_fu_938_p2     |         -|   0|  0|  19|          12|          12|
    |sub_ln219_9_fu_1015_p2    |         -|   0|  0|  20|          13|          13|
    |sub_ln219_fu_312_p2       |         -|   0|  0|  13|           4|           4|
    |icmp_ln443_10_fu_1084_p2  |      icmp|   0|  0|  12|          14|          14|
    |icmp_ln443_11_fu_1165_p2  |      icmp|   0|  0|  12|          15|          15|
    |icmp_ln443_12_fu_1241_p2  |      icmp|   0|  0|  13|          16|          16|
    |icmp_ln443_13_fu_1316_p2  |      icmp|   0|  0|  13|          17|          17|
    |icmp_ln443_14_fu_1375_p2  |      icmp|   0|  0|  13|          18|          18|
    |icmp_ln443_1_fu_388_p2    |      icmp|   0|  0|   9|           5|           5|
    |icmp_ln443_2_fu_463_p2    |      icmp|   0|  0|  10|           6|           6|
    |icmp_ln443_3_fu_544_p2    |      icmp|   0|  0|  10|           7|           7|
    |icmp_ln443_4_fu_620_p2    |      icmp|   0|  0|  11|           8|           8|
    |icmp_ln443_5_fu_701_p2    |      icmp|   0|  0|  11|           9|           9|
    |icmp_ln443_6_fu_777_p2    |      icmp|   0|  0|  11|          10|          10|
    |icmp_ln443_7_fu_852_p2    |      icmp|   0|  0|  11|          11|          11|
    |icmp_ln443_8_fu_933_p2    |      icmp|   0|  0|  12|          12|          12|
    |icmp_ln443_9_fu_1009_p2   |      icmp|   0|  0|  12|          13|          13|
    |icmp_ln443_fu_306_p2      |      icmp|   0|  0|   9|           4|           4|
    |p_Result_s_60_fu_1430_p2  |      icmp|   0|  0|  19|          35|          35|
    |res_I_V_32_fu_266_p3      |    select|   0|  0|  17|           1|          17|
    |res_I_V_33_fu_348_p3      |    select|   0|  0|  16|           1|          16|
    |res_I_V_34_fu_425_p3      |    select|   0|  0|  16|           1|          16|
    |res_I_V_35_fu_505_p3      |    select|   0|  0|  16|           1|          16|
    |res_I_V_36_fu_581_p3      |    select|   0|  0|  16|           1|          16|
    |res_I_V_37_fu_662_p3      |    select|   0|  0|  16|           1|          16|
    |res_I_V_38_fu_738_p3      |    select|   0|  0|  16|           1|          16|
    |res_I_V_39_fu_894_p3      |    select|   0|  0|  16|           1|          16|
    |res_I_V_40_fu_970_p3      |    select|   0|  0|  16|           1|          16|
    |res_I_V_41_fu_1046_p3     |    select|   0|  0|  16|           1|          16|
    |res_I_V_42_fu_1126_p3     |    select|   0|  0|  16|           1|          16|
    |res_I_V_43_fu_1202_p3     |    select|   0|  0|  16|           1|          16|
    |res_I_V_44_fu_1278_p3     |    select|   0|  0|  16|           1|          16|
    |res_I_V_45_fu_1353_p3     |    select|   0|  0|  16|           1|          16|
    |res_I_V_46_fu_1412_p3     |    select|   0|  0|  16|           1|          16|
    |res_I_V_47_fu_1442_p3     |    select|   0|  0|  16|           1|          16|
    |res_I_V_fu_814_p3         |    select|   0|  0|  16|           1|          16|
    |select_ln277_fu_238_p3    |    select|   0|  0|   2|           1|           2|
    |x_l_I_V_31_fu_258_p3      |    select|   0|  0|  35|           1|          35|
    |x_l_I_V_32_fu_340_p3      |    select|   0|  0|  35|           1|          35|
    |x_l_I_V_33_fu_419_p3      |    select|   0|  0|  35|           1|          35|
    |x_l_I_V_34_fu_497_p3      |    select|   0|  0|  35|           1|          35|
    |x_l_I_V_35_fu_574_p3      |    select|   0|  0|  35|           1|          35|
    |x_l_I_V_36_fu_654_p3      |    select|   0|  0|  35|           1|          35|
    |x_l_I_V_37_fu_808_p3      |    select|   0|  0|  35|           1|          35|
    |x_l_I_V_38_fu_886_p3      |    select|   0|  0|  35|           1|          35|
    |x_l_I_V_39_fu_963_p3      |    select|   0|  0|  35|           1|          35|
    |x_l_I_V_40_fu_1040_p3     |    select|   0|  0|  35|           1|          35|
    |x_l_I_V_41_fu_1118_p3     |    select|   0|  0|  35|           1|          35|
    |x_l_I_V_42_fu_1195_p3     |    select|   0|  0|  35|           1|          35|
    |x_l_I_V_43_fu_1272_p3     |    select|   0|  0|  35|           1|          35|
    |x_l_I_V_44_fu_1347_p3     |    select|   0|  0|  35|           1|          35|
    |x_l_I_V_45_fu_1406_p3     |    select|   0|  0|  35|           1|          35|
    |x_l_I_V_fu_731_p3         |    select|   0|  0|  35|           1|          35|
    |xor_ln219_fu_232_p2       |       xor|   0|  0|   2|           1|           2|
    +--------------------------+----------+----+---+----+------------+------------+
    |Total                     |          |   0|  0|1322|         416|        1203|
    +--------------------------+----------+----+---+----+------------+------------+

    * Multiplexer: 
    +-----------+----+-----------+-----+-----------+
    |    Name   | LUT| Input Size| Bits| Total Bits|
    +-----------+----+-----------+-----+-----------+
    |ap_return  |  13|          3|   16|         48|
    +-----------+----+-----------+-----+-----------+
    |Total      |  13|          3|   16|         48|
    +-----------+----+-----------+-----+-----------+

    * Register: 
    +------------------------+----+----+-----+-----------+
    |          Name          | FF | LUT| Bits| Const Bits|
    +------------------------+----+----+-----+-----------+
    |ap_ce_reg               |   1|   0|    1|          0|
    |ap_return_int_reg       |  16|   0|   16|          0|
    |icmp_ln443_12_reg_1623  |   1|   0|    1|          0|
    |icmp_ln443_13_reg_1646  |   1|   0|    1|          0|
    |icmp_ln443_14_reg_1669  |   1|   0|    1|          0|
    |icmp_ln443_1_reg_1462   |   1|   0|    1|          0|
    |icmp_ln443_6_reg_1531   |   1|   0|    1|          0|
    |icmp_ln443_9_reg_1577   |   1|   0|    1|          0|
    |p_Result_16_reg_1508    |   7|   0|    7|          0|
    |p_Result_25_reg_1554    |  10|   0|   10|          0|
    |p_Result_34_reg_1600    |  13|   0|   13|          0|
    |p_Result_59_reg_1490    |   7|   0|    7|          0|
    |p_Result_65_reg_1513    |   9|   0|    9|          0|
    |p_Result_74_reg_1559    |  12|   0|   12|          0|
    |p_Result_83_reg_1605    |  15|   0|   15|          0|
    |p_Result_9_reg_1485     |   5|   0|    5|          0|
    |res_I_V_33_reg_1456     |  16|   0|   16|          0|
    |res_I_V_35_reg_1479     |  16|   0|   16|          0|
    |res_I_V_37_reg_1502     |  16|   0|   16|          0|
    |res_I_V_38_reg_1525     |  16|   0|   16|          0|
    |res_I_V_39_reg_1548     |  16|   0|   16|          0|
    |res_I_V_40_reg_1571     |  16|   0|   16|          0|
    |res_I_V_42_reg_1594     |  16|   0|   16|          0|
    |res_I_V_43_reg_1617     |  16|   0|   16|          0|
    |res_I_V_44_reg_1640     |  16|   0|   16|          0|
    |res_I_V_45_reg_1663     |  16|   0|   16|          0|
    |sub_ln219_12_reg_1629   |  16|   0|   16|          0|
    |sub_ln219_13_reg_1652   |  17|   0|   17|          0|
    |sub_ln219_14_reg_1675   |  18|   0|   18|          0|
    |sub_ln219_1_reg_1468    |   5|   0|    5|          0|
    |sub_ln219_6_reg_1537    |  10|   0|   10|          0|
    |sub_ln219_9_reg_1583    |  13|   0|   13|          0|
    |x_int_reg               |  31|   0|   31|          0|
    |x_l_I_V_32_reg_1450     |  35|   0|   35|          0|
    |x_l_I_V_34_reg_1473     |  35|   0|   35|          0|
    |x_l_I_V_36_reg_1496     |  35|   0|   35|          0|
    |x_l_I_V_38_reg_1542     |  35|   0|   35|          0|
    |x_l_I_V_39_reg_1565     |  35|   0|   35|          0|
    |x_l_I_V_41_reg_1588     |  35|   0|   35|          0|
    |x_l_I_V_42_reg_1611     |  35|   0|   35|          0|
    |x_l_I_V_43_reg_1634     |  35|   0|   35|          0|
    |x_l_I_V_44_reg_1657     |  35|   0|   35|          0|
    |x_l_I_V_reg_1519        |  35|   0|   35|          0|
    +------------------------+----+----+-----+-----------+
    |Total                   | 721|   0|  721|          0|
    +------------------------+----+----+-----+-----------+



================================================================
== Interface
================================================================
* Summary: 
+-----------+-----+-----+------------+--------------------+--------------+
| RTL Ports | Dir | Bits|  Protocol  |    Source Object   |    C Type    |
+-----------+-----+-----+------------+--------------------+--------------+
|ap_clk     |   in|    1|  ap_ctrl_hs|  sqrt_fixed<32, 32>|  return value|
|ap_rst     |   in|    1|  ap_ctrl_hs|  sqrt_fixed<32, 32>|  return value|
|ap_return  |  out|   16|  ap_ctrl_hs|  sqrt_fixed<32, 32>|  return value|
|ap_ce      |   in|    1|  ap_ctrl_hs|  sqrt_fixed<32, 32>|  return value|
|x          |   in|   31|     ap_none|                   x|        scalar|
+-----------+-----+-----+------------+--------------------+--------------+

