

================================================================
== Synthesis Summary Report of 'lab5_z1'
================================================================
+ General Information: 
    * Date:           Tue Nov  7 12:52:02 2023
    * Version:        2021.2 (Build 3367213 on Tue Oct 19 02:48:09 MDT 2021)
    * Project:        lab5_z1
    * Solution:       sol4_1 (Vivado IP Flow Target)
    * Product family: artix7
    * Target device:  xa7a12t-csg325-1Q
    

+ Performance & Resource Estimates: 
    
    PS: '+' for module; 'o' for loop; '*' for dataflow
    +---------------+------+-------+---------+-----------+----------+---------+------+----------+------+----+----------+------------+-----+
    |    Modules    | Issue|       | Latency |  Latency  | Iteration|         | Trip |          |      |    |          |            |     |
    |    & Loops    | Type | Slack | (cycles)|    (ns)   |  Latency | Interval| Count| Pipelined| BRAM | DSP|    FF    |     LUT    | URAM|
    +---------------+------+-------+---------+-----------+----------+---------+------+----------+------+----+----------+------------+-----+
    |+ lab5_z1      |     -|   0.15|      131|  2.620e+03|         -|      132|     -|        no|     -|   -|  51 (~0%)|  1837 (22%)|    -|
    | o foo_label0  |     -|  14.60|      129|  2.580e+03|         3|        1|   128|       yes|     -|   -|         -|           -|    -|
    +---------------+------+-------+---------+-----------+----------+---------+------+----------+------+----+----------+------------+-----+


================================================================
== HW Interfaces
================================================================
* AP_MEMORY
+----------------+----------+
| Interface      | Bitwidth |
+----------------+----------+
| d_in_address0  | 7        |
| d_in_q0        | 64       |
| d_out_address0 | 7        |
| d_out_d0       | 16       |
+----------------+----------+

* TOP LEVEL CONTROL
+-----------+------------+-----------------------------------+
| Interface | Type       | Ports                             |
+-----------+------------+-----------------------------------+
| ap_clk    | clock      | ap_clk                            |
| ap_rst    | reset      | ap_rst                            |
| ap_ctrl   | ap_ctrl_hs | ap_done ap_idle ap_ready ap_start |
+-----------+------------+-----------------------------------+


================================================================
== SW I/O Information
================================================================
* Top Function Arguments
+----------+-----------+----------+
| Argument | Direction | Datatype |
+----------+-----------+----------+
| d_in     | in        | short*   |
| d_out    | out       | short*   |
+----------+-----------+----------+

* SW-to-HW Mapping
+----------+----------------+---------+----------+
| Argument | HW Interface   | HW Type | HW Usage |
+----------+----------------+---------+----------+
| d_in     | d_in_address0  | port    | offset   |
| d_in     | d_in_ce0       | port    |          |
| d_in     | d_in_q0        | port    |          |
| d_out    | d_out_address0 | port    | offset   |
| d_out    | d_out_ce0      | port    |          |
| d_out    | d_out_we0      | port    |          |
| d_out    | d_out_d0       | port    |          |
+----------+----------------+---------+----------+


================================================================
== Bind Op Report
================================================================
+------------------------+-----+--------+------------+-----+--------+---------+
| Name                   | DSP | Pragma | Variable   | Op  | Impl   | Latency |
+------------------------+-----+--------+------------+-----+--------+---------+
| + lab5_z1              | 0   |        |            |     |        |         |
|   add_ln6_fu_122_p2    | -   |        | add_ln6    | add | fabric | 0       |
|   sub_ln8_fu_211_p2    | -   |        | sub_ln8    | sub | fabric | 0       |
|   sub_ln8_1_fu_223_p2  | -   |        | sub_ln8_1  | sub | fabric | 0       |
|   sub_ln8_2_fu_253_p2  | -   |        | sub_ln8_2  | sub | fabric | 0       |
|   sub_ln9_fu_341_p2    | -   |        | sub_ln9    | sub | fabric | 0       |
|   sub_ln9_1_fu_353_p2  | -   |        | sub_ln9_1  | sub | fabric | 0       |
|   sub_ln9_2_fu_383_p2  | -   |        | sub_ln9_2  | sub | fabric | 0       |
|   sub_ln10_fu_451_p2   | -   |        | sub_ln10   | sub | fabric | 0       |
|   sub_ln10_1_fu_463_p2 | -   |        | sub_ln10_1 | sub | fabric | 0       |
|   sub_ln10_2_fu_493_p2 | -   |        | sub_ln10_2 | sub | fabric | 0       |
|   add_ln11_fu_529_p2   | -   |        | add_ln11   | add | tadder | 0       |
|   add_ln11_1_fu_535_p2 | -   |        | add_ln11_1 | add | fabric | 0       |
|   add_ln11_2_fu_541_p2 | -   |        | add_ln11_2 | add | tadder | 0       |
+------------------------+-----+--------+------------+-----+--------+---------+


================================================================
== Bind Storage Report
================================================================
  No bind storage info in design

================================================================
== User Pragma Report
================================================================
* Valid Pragma Syntax
+---------------+-----------------------------------------+----------------------------+
| Type          | Options                                 | Location                   |
+---------------+-----------------------------------------+----------------------------+
| array_reshape | variable=d_in block factor=4 dim=1      | DIRECTIVE in lab5_z1, d_in |
| interface     | ap_memory storage_type=ram_1p port=d_in | DIRECTIVE in lab5_z1, d_in |
| pipeline      |                                         | DIRECTIVE in lab5_z1       |
+---------------+-----------------------------------------+----------------------------+


