

================================================================
== Synthesis Summary Report of 'kp_502_7'
================================================================
+ General Information: 
    * Date:           Sun Feb 18 18:02:31 2024
    * Version:        2021.2 (Build 3367213 on Tue Oct 19 02:48:09 MDT 2021)
    * Project:        kp_502_7
    * Solution:       sol2_2 (Vivado IP Flow Target)
    * Product family: artix7
    * Target device:  xc7a200t-sbv484-2
    

+ Performance & Resource Estimates: 
    
    PS: '+' for module; 'o' for loop; '*' for dataflow
    +------------+------+------+---------+-----------+----------+---------+------+----------+------+---------+-----------+-----------+-----+
    |   Modules  | Issue|      | Latency |  Latency  | Iteration|         | Trip |          |      |         |           |           |     |
    |   & Loops  | Type | Slack| (cycles)|    (ns)   |  Latency | Interval| Count| Pipelined| BRAM |   DSP   |     FF    |    LUT    | URAM|
    +------------+------+------+---------+-----------+----------+---------+------+----------+------+---------+-----------+-----------+-----+
    |+ kp_502_7  |     -|  0.19|      333|  3.330e+03|         -|      334|     -|        no|     -|  56 (7%)|  4346 (1%)|  4649 (3%)|    -|
    | o Loop     |     -|  9.00|      332|  3.320e+03|        83|        -|     4|        no|     -|        -|          -|          -|    -|
    +------------+------+------+---------+-----------+----------+---------+------+----------+------+---------+-----------+-----------+-----+


================================================================
== HW Interfaces
================================================================
* AP_MEMORY
+---------------+----------+
| Interface     | Bitwidth |
+---------------+----------+
| A_0_address0  | 2        |
| A_0_q0        | 64       |
| A_1_address0  | 2        |
| A_1_q0        | 64       |
| B_0_address0  | 2        |
| B_0_q0        | 64       |
| B_1_address0  | 2        |
| B_1_q0        | 64       |
| C_0_address0  | 2        |
| C_0_q0        | 64       |
| C_1_address0  | 2        |
| C_1_q0        | 64       |
| D_0_address0  | 2        |
| D_0_d0        | 64       |
| D_1_address0  | 2        |
| D_1_d0        | 64       |
| X1_0_address0 | 2        |
| X1_0_d0       | 64       |
| X1_1_address0 | 2        |
| X1_1_d0       | 64       |
| X2_0_address0 | 2        |
| X2_0_d0       | 64       |
| X2_1_address0 | 2        |
| X2_1_d0       | 64       |
+---------------+----------+

* TOP LEVEL CONTROL
+-----------+------------+-----------------------------------+
| Interface | Type       | Ports                             |
+-----------+------------+-----------------------------------+
| ap_clk    | clock      | ap_clk                            |
| ap_rst    | reset      | ap_rst                            |
| ap_ctrl   | ap_ctrl_hs | ap_done ap_idle ap_ready ap_start |
+-----------+------------+-----------------------------------+


================================================================
== SW I/O Information
================================================================
* Top Function Arguments
+----------+-----------+----------+
| Argument | Direction | Datatype |
+----------+-----------+----------+
| A        | in        | double*  |
| B        | in        | double*  |
| C        | in        | double*  |
| X1       | out       | double*  |
| X2       | out       | double*  |
| D        | out       | double*  |
+----------+-----------+----------+

* SW-to-HW Mapping
+----------+---------------+---------+----------+
| Argument | HW Interface  | HW Type | HW Usage |
+----------+---------------+---------+----------+
| A        | A_0_address0  | port    | offset   |
| A        | A_0_ce0       | port    |          |
| A        | A_0_q0        | port    |          |
| A        | A_1_address0  | port    | offset   |
| A        | A_1_ce0       | port    |          |
| A        | A_1_q0        | port    |          |
| B        | B_0_address0  | port    | offset   |
| B        | B_0_ce0       | port    |          |
| B        | B_0_q0        | port    |          |
| B        | B_1_address0  | port    | offset   |
| B        | B_1_ce0       | port    |          |
| B        | B_1_q0        | port    |          |
| C        | C_0_address0  | port    | offset   |
| C        | C_0_ce0       | port    |          |
| C        | C_0_q0        | port    |          |
| C        | C_1_address0  | port    | offset   |
| C        | C_1_ce0       | port    |          |
| C        | C_1_q0        | port    |          |
| X1       | X1_0_address0 | port    | offset   |
| X1       | X1_0_ce0      | port    |          |
| X1       | X1_0_we0      | port    |          |
| X1       | X1_0_d0       | port    |          |
| X1       | X1_1_address0 | port    | offset   |
| X1       | X1_1_ce0      | port    |          |
| X1       | X1_1_we0      | port    |          |
| X1       | X1_1_d0       | port    |          |
| X2       | X2_0_address0 | port    | offset   |
| X2       | X2_0_ce0      | port    |          |
| X2       | X2_0_we0      | port    |          |
| X2       | X2_0_d0       | port    |          |
| X2       | X2_1_address0 | port    | offset   |
| X2       | X2_1_ce0      | port    |          |
| X2       | X2_1_we0      | port    |          |
| X2       | X2_1_d0       | port    |          |
| D        | D_0_address0  | port    | offset   |
| D        | D_0_ce0       | port    |          |
| D        | D_0_we0       | port    |          |
| D        | D_0_d0        | port    |          |
| D        | D_1_address0  | port    | offset   |
| D        | D_1_ce0       | port    |          |
| D        | D_1_we0       | port    |          |
| D        | D_1_d0        | port    |          |
+----------+---------------+---------+----------+


================================================================
== Bind Op Report
================================================================
+--------------------------------------+-----+--------+------------+-------+---------+---------+
| Name                                 | DSP | Pragma | Variable   | Op    | Impl    | Latency |
+--------------------------------------+-----+--------+------------+-------+---------+---------+
| + kp_502_7                           | 56  |        |            |       |         |         |
|   dmul_64ns_64ns_64_5_max_dsp_1_U5   | 11  |        | mul        | dmul  | maxdsp  | 4       |
|   dmul_64ns_64ns_64_5_max_dsp_1_U5   | 11  |        | mul3       | dmul  | maxdsp  | 4       |
|   dmul_64ns_64ns_64_5_max_dsp_1_U6   | 11  |        | mul6       | dmul  | maxdsp  | 4       |
|   dsub_64ns_64ns_64_5_full_dsp_1_U1  | 3   |        | x_assign   | dsub  | fulldsp | 4       |
|   dsqrt_64ns_64ns_64_30_no_dsp_1_U13 | -   |        | temp_D     | dsqrt | fabric  | 29      |
|   dsub_64ns_64ns_64_5_full_dsp_1_U1  | 3   |        | sub1       | dsub  | fulldsp | 4       |
|   dmul_64ns_64ns_64_5_max_dsp_1_U5   | 11  |        | mul1       | dmul  | maxdsp  | 4       |
|   ddiv_64ns_64ns_64_31_no_dsp_1_U9   | -   |        | div        | ddiv  | fabric  | 30      |
|   dsub_64ns_64ns_64_5_full_dsp_1_U2  | 3   |        | add        | dsub  | fulldsp | 4       |
|   ddiv_64ns_64ns_64_31_no_dsp_1_U10  | -   |        | div1       | ddiv  | fabric  | 30      |
|   dmul_64ns_64ns_64_5_max_dsp_1_U7   | 11  |        | mul_1      | dmul  | maxdsp  | 4       |
|   dmul_64ns_64ns_64_5_max_dsp_1_U6   | 11  |        | mul3_1     | dmul  | maxdsp  | 4       |
|   dmul_64ns_64ns_64_5_max_dsp_1_U8   | 11  |        | mul6_1     | dmul  | maxdsp  | 4       |
|   dsub_64ns_64ns_64_5_full_dsp_1_U2  | 3   |        | x_assign_1 | dsub  | fulldsp | 4       |
|   dsqrt_64ns_64ns_64_30_no_dsp_1_U14 | -   |        | temp_D_1   | dsqrt | fabric  | 29      |
|   dsub_64ns_64ns_64_5_full_dsp_1_U3  | 3   |        | sub12_1    | dsub  | fulldsp | 4       |
|   dmul_64ns_64ns_64_5_max_dsp_1_U6   | 11  |        | mul13_1    | dmul  | maxdsp  | 4       |
|   ddiv_64ns_64ns_64_31_no_dsp_1_U11  | -   |        | div_1      | ddiv  | fabric  | 30      |
|   dsub_64ns_64ns_64_5_full_dsp_1_U4  | 3   |        | add_1      | dsub  | fulldsp | 4       |
|   ddiv_64ns_64ns_64_31_no_dsp_1_U12  | -   |        | div18_1    | ddiv  | fabric  | 30      |
|   add_ln5_fu_362_p2                  | -   |        | add_ln5    | add   | fabric  | 0       |
+--------------------------------------+-----+--------+------------+-------+---------+---------+


================================================================
== Bind Storage Report
================================================================
  No bind storage info in design

================================================================
== User Pragma Report
================================================================
* Valid Pragma Syntax
+-----------------+--------------------------------------+---------------------------+
| Type            | Options                              | Location                  |
+-----------------+--------------------------------------+---------------------------+
| array_partition | variable=A cyclic factor=2 dim=1     | DIRECTIVE in kp_502_7, A  |
| array_partition | variable=B cyclic factor=2 dim=1     | DIRECTIVE in kp_502_7, B  |
| array_partition | variable=C cyclic factor=2 dim=1     | DIRECTIVE in kp_502_7, C  |
| array_partition | variable=D cyclic factor=2 dim=1     | DIRECTIVE in kp_502_7, D  |
| array_partition | variable=X1 cyclic factor=2 dim=1    | DIRECTIVE in kp_502_7, X1 |
| array_partition | variable=X2 cyclic factor=2 dim=1    | DIRECTIVE in kp_502_7, X2 |
| interface       | ap_memory storage_type=ram_1p port=A | DIRECTIVE in kp_502_7, A  |
| interface       | ap_memory storage_type=ram_1p port=B | DIRECTIVE in kp_502_7, B  |
| interface       | ap_memory storage_type=ram_1p port=C | DIRECTIVE in kp_502_7, C  |
| interface       | ap_memory storage_type=ram_1p port=D | DIRECTIVE in kp_502_7, D  |
| pipeline        | off                                  | DIRECTIVE in kp_502_7     |
| unroll          | factor=2                             | DIRECTIVE in kp_502_7     |
+-----------------+--------------------------------------+---------------------------+


