

================================================================
== Vitis HLS Report for 'sqrt_fixed_32_32_s'
================================================================
* Date:           Sun Mar 24 17:32:44 2024

* Version:        2021.2 (Build 3367213 on Tue Oct 19 02:48:09 MDT 2021)
* Project:        kp_502_7
* Solution:       sol1_2 (Vivado IP Flow Target)
* Product family: artix7
* Target device:  xc7a200t-sbv484-2


================================================================
== Performance Estimates
================================================================
+ Timing: 
    * Summary: 
    +------+----------+-----------+------------+
    | Clock|  Target  | Estimated | Uncertainty|
    +------+----------+-----------+------------+
    |clk   |  14.00 ns|  12.968 ns|     1.00 ns|
    +------+----------+-----------+------------+

+ Latency: 
    * Summary: 
    +---------+---------+-----------+-----------+-----+-----+---------+
    |  Latency (cycles) |   Latency (absolute)  |  Interval | Pipeline|
    |   min   |   max   |    min    |    max    | min | max |   Type  |
    +---------+---------+-----------+-----------+-----+-----+---------+
    |        3|        3|  42.000 ns|  42.000 ns|    1|    1|      yes|
    +---------+---------+-----------+-----------+-----+-----+---------+

    + Detail: 
        * Instance: 
        N/A

        * Loop: 
        N/A



================================================================
== Utilization Estimates
================================================================
* Summary: 
+-----------------+---------+-----+--------+--------+-----+
|       Name      | BRAM_18K| DSP |   FF   |   LUT  | URAM|
+-----------------+---------+-----+--------+--------+-----+
|DSP              |        -|    -|       -|       -|    -|
|Expression       |        -|    -|       0|    1322|    -|
|FIFO             |        -|    -|       -|       -|    -|
|Instance         |        -|    -|       -|       -|    -|
|Memory           |        -|    -|       -|       -|    -|
|Multiplexer      |        -|    -|       -|       -|    -|
|Register         |        -|    -|     222|       -|    -|
+-----------------+---------+-----+--------+--------+-----+
|Total            |        0|    0|     222|    1322|    0|
+-----------------+---------+-----+--------+--------+-----+
|Available        |      730|  740|  269200|  134600|    0|
+-----------------+---------+-----+--------+--------+-----+
|Utilization (%)  |        0|    0|      ~0|      ~0|    0|
+-----------------+---------+-----+--------+--------+-----+

+ Detail: 
    * Instance: 
    N/A

    * DSP: 
    N/A

    * Memory: 
    N/A

    * FIFO: 
    N/A

    * Expression: 
    +--------------------------+----------+----+---+----+------------+------------+
    |       Variable Name      | Operation| DSP| FF| LUT| Bitwidth P0| Bitwidth P1|
    +--------------------------+----------+----+---+----+------------+------------+
    |res_I_V_30_fu_1485_p2     |         +|   0|  0|  23|          16|           1|
    |sub_ln219_10_fu_1118_p2   |         -|   0|  0|  21|          14|          14|
    |sub_ln219_11_fu_1200_p2   |         -|   0|  0|  22|          15|          15|
    |sub_ln219_12_fu_1282_p2   |         -|   0|  0|  23|          16|          16|
    |sub_ln219_13_fu_1357_p2   |         -|   0|  0|  24|          17|          17|
    |sub_ln219_14_fu_1423_p2   |         -|   0|  0|  25|          18|          18|
    |sub_ln219_1_fu_394_p2     |         -|   0|  0|  13|           5|           5|
    |sub_ln219_2_fu_476_p2     |         -|   0|  0|  14|           6|           6|
    |sub_ln219_3_fu_558_p2     |         -|   0|  0|  14|           7|           7|
    |sub_ln219_4_fu_633_p2     |         -|   0|  0|  15|           8|           8|
    |sub_ln219_5_fu_715_p2     |         -|   0|  0|  16|           9|           9|
    |sub_ln219_6_fu_797_p2     |         -|   0|  0|  17|          10|          10|
    |sub_ln219_7_fu_879_p2     |         -|   0|  0|  18|          11|          11|
    |sub_ln219_8_fu_961_p2     |         -|   0|  0|  19|          12|          12|
    |sub_ln219_9_fu_1036_p2    |         -|   0|  0|  20|          13|          13|
    |sub_ln219_fu_312_p2       |         -|   0|  0|  13|           4|           4|
    |icmp_ln443_10_fu_1112_p2  |      icmp|   0|  0|  12|          14|          14|
    |icmp_ln443_11_fu_1194_p2  |      icmp|   0|  0|  12|          15|          15|
    |icmp_ln443_12_fu_1276_p2  |      icmp|   0|  0|  13|          16|          16|
    |icmp_ln443_13_fu_1351_p2  |      icmp|   0|  0|  13|          17|          17|
    |icmp_ln443_14_fu_1417_p2  |      icmp|   0|  0|  13|          18|          18|
    |icmp_ln443_1_fu_388_p2    |      icmp|   0|  0|   9|           5|           5|
    |icmp_ln443_2_fu_470_p2    |      icmp|   0|  0|  10|           6|           6|
    |icmp_ln443_3_fu_552_p2    |      icmp|   0|  0|  10|           7|           7|
    |icmp_ln443_4_fu_627_p2    |      icmp|   0|  0|  11|           8|           8|
    |icmp_ln443_5_fu_709_p2    |      icmp|   0|  0|  11|           9|           9|
    |icmp_ln443_6_fu_791_p2    |      icmp|   0|  0|  11|          10|          10|
    |icmp_ln443_7_fu_873_p2    |      icmp|   0|  0|  11|          11|          11|
    |icmp_ln443_8_fu_955_p2    |      icmp|   0|  0|  12|          12|          12|
    |icmp_ln443_9_fu_1030_p2   |      icmp|   0|  0|  12|          13|          13|
    |icmp_ln443_fu_306_p2      |      icmp|   0|  0|   9|           4|           4|
    |p_Result_s_58_fu_1479_p2  |      icmp|   0|  0|  19|          35|          35|
    |ap_return                 |    select|   0|  0|  16|           1|          16|
    |res_I_V_32_fu_266_p3      |    select|   0|  0|  17|           1|          17|
    |res_I_V_33_fu_348_p3      |    select|   0|  0|  16|           1|          16|
    |res_I_V_34_fu_430_p3      |    select|   0|  0|  16|           1|          16|
    |res_I_V_35_fu_512_p3      |    select|   0|  0|  16|           1|          16|
    |res_I_V_36_fu_589_p3      |    select|   0|  0|  16|           1|          16|
    |res_I_V_37_fu_669_p3      |    select|   0|  0|  16|           1|          16|
    |res_I_V_38_fu_751_p3      |    select|   0|  0|  16|           1|          16|
    |res_I_V_39_fu_915_p3      |    select|   0|  0|  16|           1|          16|
    |res_I_V_40_fu_992_p3      |    select|   0|  0|  16|           1|          16|
    |res_I_V_41_fu_1072_p3     |    select|   0|  0|  16|           1|          16|
    |res_I_V_42_fu_1154_p3     |    select|   0|  0|  16|           1|          16|
    |res_I_V_43_fu_1236_p3     |    select|   0|  0|  16|           1|          16|
    |res_I_V_44_fu_1313_p3     |    select|   0|  0|  16|           1|          16|
    |res_I_V_45_fu_1393_p3     |    select|   0|  0|  16|           1|          16|
    |res_I_V_46_fu_1459_p3     |    select|   0|  0|  16|           1|          16|
    |res_I_V_fu_833_p3         |    select|   0|  0|  16|           1|          16|
    |select_ln277_fu_238_p3    |    select|   0|  0|   2|           1|           2|
    |x_l_I_V_31_fu_258_p3      |    select|   0|  0|  35|           1|          35|
    |x_l_I_V_32_fu_340_p3      |    select|   0|  0|  35|           1|          35|
    |x_l_I_V_33_fu_422_p3      |    select|   0|  0|  35|           1|          35|
    |x_l_I_V_34_fu_504_p3      |    select|   0|  0|  35|           1|          35|
    |x_l_I_V_35_fu_583_p3      |    select|   0|  0|  35|           1|          35|
    |x_l_I_V_36_fu_661_p3      |    select|   0|  0|  35|           1|          35|
    |x_l_I_V_37_fu_825_p3      |    select|   0|  0|  35|           1|          35|
    |x_l_I_V_38_fu_907_p3      |    select|   0|  0|  35|           1|          35|
    |x_l_I_V_39_fu_986_p3      |    select|   0|  0|  35|           1|          35|
    |x_l_I_V_40_fu_1064_p3     |    select|   0|  0|  35|           1|          35|
    |x_l_I_V_41_fu_1146_p3     |    select|   0|  0|  35|           1|          35|
    |x_l_I_V_42_fu_1228_p3     |    select|   0|  0|  35|           1|          35|
    |x_l_I_V_43_fu_1307_p3     |    select|   0|  0|  35|           1|          35|
    |x_l_I_V_44_fu_1385_p3     |    select|   0|  0|  35|           1|          35|
    |x_l_I_V_45_fu_1451_p3     |    select|   0|  0|  35|           1|          35|
    |x_l_I_V_fu_743_p3         |    select|   0|  0|  35|           1|          35|
    |xor_ln219_fu_232_p2       |       xor|   0|  0|   2|           1|           2|
    +--------------------------+----------+----+---+----+------------+------------+
    |Total                     |          |   0|  0|1322|         416|        1203|
    +--------------------------+----------+----+---+----+------------+------------+

    * Multiplexer: 
    N/A

    * Register: 
    +------------------------+----+----+-----+-----------+
    |          Name          | FF | LUT| Bits| Const Bits|
    +------------------------+----+----+-----+-----------+
    |icmp_ln443_12_reg_1557  |   1|   0|    1|          0|
    |icmp_ln443_3_reg_1511   |   1|   0|    1|          0|
    |icmp_ln443_8_reg_1534   |   1|   0|    1|          0|
    |res_I_V_35_reg_1505     |  16|   0|   16|          0|
    |res_I_V_39_reg_1528     |  16|   0|   16|          0|
    |res_I_V_43_reg_1551     |  16|   0|   16|          0|
    |sub_ln219_12_reg_1563   |  16|   0|   16|          0|
    |sub_ln219_3_reg_1517    |   7|   0|    7|          0|
    |sub_ln219_8_reg_1540    |  12|   0|   12|          0|
    |x_int_reg               |  31|   0|   31|          0|
    |x_l_I_V_34_reg_1499     |  35|   0|   35|          0|
    |x_l_I_V_38_reg_1522     |  35|   0|   35|          0|
    |x_l_I_V_42_reg_1545     |  35|   0|   35|          0|
    +------------------------+----+----+-----+-----------+
    |Total                   | 222|   0|  222|          0|
    +------------------------+----+----+-----+-----------+



================================================================
== Interface
================================================================
* Summary: 
+-----------+-----+-----+------------+--------------------+--------------+
| RTL Ports | Dir | Bits|  Protocol  |    Source Object   |    C Type    |
+-----------+-----+-----+------------+--------------------+--------------+
|ap_clk     |   in|    1|  ap_ctrl_hs|  sqrt_fixed<32, 32>|  return value|
|ap_rst     |   in|    1|  ap_ctrl_hs|  sqrt_fixed<32, 32>|  return value|
|ap_return  |  out|   16|  ap_ctrl_hs|  sqrt_fixed<32, 32>|  return value|
|x          |   in|   31|     ap_none|                   x|        scalar|
+-----------+-----+-----+------------+--------------------+--------------+

